[Common]
Version=8
Caption=Уточнение бизнес - процесса
RepClass=0
PlanMask=УправленческийПлан
Plan=УправленческийПлан
AccountsMask=Об
BreakTrans=0
LinkTrans=0
LinkTransSigns=0
LinkTransDate=0
LinkTransDocum=0
IncludeParameters=0
IncludeJurLink=0
IncludeDate=1
IncludeTime=0
IncludeDebet=0
IncludeCredit=0
PreciseType=0
StripeOpt=0
BegSaldoFmt=1
EndSaldoFmt=1
TurnSumFmt=2
IncludeZeroTurn=0
IncludeZeroRest=0
IncludeColTotal=1
ShowColTotalTop=0
IncludeColTotalPercent=0
IncludeRowTotal2=0
ShowRowTotalLeft=0
IncludeTabTotal=0
IncludeTransCount=0
IncludeMergedRow=1
ShowLinkTables=0
DebetCreaditSwap=0
IncludeMeasureRow=1
ExcludeDebCreRow=0
PreciseConditionsCount=0
VoidSepSaldo=0
OnlyUsed=0
ShowPeriod=1
ShowPlan=1
ShowCond=1
HierarchyShowHeaders=1
HierarchyShowContent=1
HierarchyShowTotals=0
HierarchyShowTotalsInHeader=1
HierarchyHighLevelByTabs=0
HierarchyShowInteractive=0
SplitSeparate=0
SplitBegSaldo=0
SplitTurn=3
SplitEndSaldo=0
OutputForm=1
FileNameByRepName=1
OutputFile=УточнениеБП.tpl
CustomTplExists=0
UseCustomTpl=0
CanInherit=0
Visible=0
CodePage=1
DecimalSeparator=46
ListSeparator=44
FreezeHeader=1
FreezeSide=0
ShowInline=0
ServeAsPrecise=0

[Measures]
Count=3
Name1=Дата
Caption1=Дата
ParamName1=#ДатаНачала
ShowUnitState1=0
ShowSaldo1=0
ShowCorrValue1=0
ShowCorrValue21=0
ShowRowTotal1=0
ShowColTotal1=0
SeparateColumn1=1
ShowDescription1=0
ShowSplitParam1=0
NotShowSplitParam1=0
ShowSplitUnder1=1
MeasureFormat1=0
ShowTotalPercent1=0
ShowProfit1=0
ShowInvertValue1=0
MergeBegSaldoDeb1=0
MergeBegSaldoCre1=0
MergeEndSaldoDeb1=0
MergeEndSaldoCre1=0
MergeTurnDeb1=0
MergeTurnCre1=0
MergeKindBegSaldoDeb1=0
MergeKindBegSaldoCre1=0
MergeKindEndSaldoDeb1=0
MergeKindEndSaldoCre1=0
MergeKindTurnDeb1=0
MergeKindTurnCre1=0
MeasBegSaldoFmt1=0
MeasEndSaldoFmt1=0
MeasTurnSumFmt1=0
MeasShowFmt1=0
Invisible1=0
MeasValueType1=0
UserDef1=0
TplColMinWidth1=0
TplColMaxWidth1=0
Name2=Номер
Caption2=Номер
ParamName2=#Код
ShowUnitState2=0
ShowSaldo2=0
ShowCorrValue2=0
ShowCorrValue22=0
ShowRowTotal2=0
ShowColTotal2=0
SeparateColumn2=1
ShowDescription2=0
ShowSplitParam2=0
NotShowSplitParam2=0
ShowSplitUnder2=1
MeasureFormat2=0
ShowTotalPercent2=0
ShowProfit2=0
ShowInvertValue2=0
MergeBegSaldoDeb2=0
MergeBegSaldoCre2=0
MergeEndSaldoDeb2=0
MergeEndSaldoCre2=0
MergeTurnDeb2=0
MergeTurnCre2=0
MergeKindBegSaldoDeb2=0
MergeKindBegSaldoCre2=0
MergeKindEndSaldoDeb2=0
MergeKindEndSaldoCre2=0
MergeKindTurnDeb2=0
MergeKindTurnCre2=0
MeasBegSaldoFmt2=0
MeasEndSaldoFmt2=0
MeasTurnSumFmt2=0
MeasShowFmt2=0
Invisible2=0
MeasValueType2=0
UserDef2=0
TplColMinWidth2=0
TplColMaxWidth2=0
Name3=Содержание
Caption3=Содержание
ParamName3=#Комментарий
ShowUnitState3=0
ShowSaldo3=0
ShowCorrValue3=0
ShowCorrValue23=0
ShowRowTotal3=0
ShowColTotal3=0
SeparateColumn3=1
ShowDescription3=0
ShowSplitParam3=0
NotShowSplitParam3=0
ShowSplitUnder3=1
MeasureFormat3=0
ShowTotalPercent3=0
ShowProfit3=0
ShowInvertValue3=0
MergeBegSaldoDeb3=0
MergeBegSaldoCre3=0
MergeEndSaldoDeb3=0
MergeEndSaldoCre3=0
MergeTurnDeb3=0
MergeTurnCre3=0
MergeKindBegSaldoDeb3=0
MergeKindBegSaldoCre3=0
MergeKindEndSaldoDeb3=0
MergeKindEndSaldoCre3=0
MergeKindTurnDeb3=0
MergeKindTurnCre3=0
MeasBegSaldoFmt3=0
MeasEndSaldoFmt3=0
MeasTurnSumFmt3=0
MeasShowFmt3=0
Invisible3=0
MeasValueType3=0
UserDef3=0
TplColMinWidth3=0
TplColMaxWidth3=0

[RowSplit]
SplitBy=0
DateSplit=0
DateStep=1
AlignBy=0
ByEachPeriod=0
SortBy=0
Lettering=0
ShowHierarchy=0
HierarchyLevel=0
HierarchyFromRoot=0
SortGroupFirst=0
ByReference=0
SignSplitCount=0
SignContentsCount=0

[ColSplit]
SplitBy=0
DateSplit=0
DateStep=1
AlignBy=0
ByEachPeriod=0
SortBy=0
Lettering=0
ShowHierarchy=0
HierarchyLevel=1
HierarchyFromRoot=1
SortGroupFirst=0
ByReference=0
SignSplitCount=0
SignContentsCount=0

[TabSplit]
SplitBy=0
DateSplit=0
DateStep=1
AlignBy=0
ByEachPeriod=0
SortBy=0
Lettering=0
ShowHierarchy=0
HierarchyLevel=0
HierarchyFromRoot=0
SortGroupFirst=0
ByReference=0
SignSplitCount=0
SignContentsCount=0
