[Common]
Version=13
Caption=Получение цен для передачи ВЕБ-клиенту
RepClass=1
BegDate=01.01.2011 00:00
EndDate=02.01.2011 00:00
Plan=УправленческийПлан
Accounts=ПрайсТ9Тогр
BegSaldoFmt=0
EndSaldoFmt=2
TurnSumFmt=0
IncludeColTotal=0
IncludeMergedRow=0
ExcludeDebCreRow=1
ExcludeSumKindRow=1
PreciseConditionsCount=0
PeriodType=6

[Measures]
Count=2
Name1=Количество
ParamName1=LastValue(Количество)
ShowColTotal1=1
MeasEndSaldoFmt1=2
APUsageBegSaldo1=0
APUsageEndSaldo1=0
APUsageTurn1=0
Name2=Стоимость
ParamName2=LastValue(Количество)
UnitName2=/
ShowCorrValue2=1
ShowColTotal2=1
MeasEndSaldoFmt2=2
APUsageBegSaldo2=0
APUsageEndSaldo2=0
APUsageTurn2=0

[RowSplit]
SplitBy=3
SignGroup=Ресурс,Количество
SortBy=1
Contents=Ресурс.Наименование
SortOrder=-Ресурс.ЭтоГруппа,-Ресурс.#GroupPath,Ресурс.#DocId
SignSplitCount=0
SignContentsCount=1
PropName1=Ресурс.Наименование
UseMacros1=1

[ColSplit]
HierarchyLevel=1
SignSplitCount=0
SignContentsCount=0

[TabSplit]
DebCreHeader=|
SignSplitCount=0
SignContentsCount=0
