[Common]
Version=9
Caption=Отчет по проводкам
RepClass=0
PlanMask=УправленческийПлан
Plan=УправленческийПлан
IncludeJurLink=0
IncludeDebet=0
IncludeCredit=0
BegSaldoFmt=1
EndSaldoFmt=1
TurnSumFmt=2
PreciseConditionsCount=0
Visible=0

[Measures]
Count=11
Name1=Количество
ParamName1=Количество
Name2=Сумма учетная
Caption2=Сумма учетная
ParamName2=СуммаУчетная
ShowSplitParam2=1
Name3=Статус
ParamName3=Статус
Name4=Ресурс
Caption4=Ресурс
ParamName4=Ресурс
UnitName4=Описание
Name5=Процесс
Caption5=Процесс
ParamName5=Процесс
UnitName5=Описание
ShowSplitParam5=1
Name6=Субъект
Caption6=Субъект
ParamName6=Субъект
UnitName6=Описание
ShowSplitParam6=1
Name7=Сотрудник
Caption7=Сотрудник
ParamName7=Сотрудник
UnitName7=Описание
ShowSplitParam7=1
Name8=Партия
Caption8=Партия
ParamName8=Партия
UnitName8=Имя
Name9=Заказ
Caption9=Заказ
ParamName9=Заказ
UnitName9=Имя
Name10=Прибыль
Caption10=Прибыль
ParamName10=Прибыль
Name11=Комментарий
ParamName11=Комментарий

[RowSplit]
SignSplitCount=0
SignContentsCount=0

[ColSplit]
HierarchyLevel=1
HierarchyFromRoot=1
SignSplitCount=0
SignContentsCount=0

[TabSplit]
DebCreHeader=|
SignSplitCount=0
SignContentsCount=0
